
> glak-apart-next@0.1.0 build
> next build

Γû▓ Next.js 16.1.6 (Turbopack)

  Creating an optimized production build ...
Γ£ô Compiled successfully in 9.0s
  Running TypeScript ...
node.exe : Failed to compile.
At line:1 char:1
+ & "C:\Program Files\nodejs/node.exe" 
"C:\Program Files\nodejs/node_mo ...
+ ~~~~~~~~~~~~~~~~~~~~~~~~~~~~~~~~~~~~~~~
~~~~~~~~~~~~~~~~~~~~~~~~~~~~~~
    + CategoryInfo          : NotSpecifi 
   ed: (Failed to compile.:String) [],   
  RemoteException
    + FullyQualifiedErrorId : NativeComm 
   andError
 

./src/components/admin/AdminApartments.ts
x:4:43
Type error: Cannot find module 
'@/services/content' or its 
corresponding type declarations.

[0m [90m 2 |[39m [32m'use 
client'[39m[33m;[39m
 [90m 3 |[39m [36mimport[39m 
[33mReact[39m[33m,[39m { 
useState[33m,[39m useEffect } 
[36mfrom[39m 
[32m'react'[39m[33m;[39m
[31m[1m>[22m[39m[90m 4 |[39m 
[36mimport[39m { getContent[33m,[39m 
updateContent } [36mfrom[39m 
[32m'@/services/content'[39m[33m;[39m
 [90m   |[39m                          
                 [31m[1m^[22m[39m
 [90m 5 |[39m [36mimport[39m { 
uploadImage } [36mfrom[39m 
[32m'@/services/images'[39m[33m;[39m
 [90m 6 |[39m [36mimport[39m { 
[33mToast[39m } [36mfrom[39m 
[32m'../ui/Toast'[39m[33m;[39m
 [90m 7 |[39m [36mimport[39m { 
apartmentData[33m,[39m 
[33mApartmentKey[39m } [36mfrom[39m 
[32m'@/data/apartments'[39m[33m;[39m[
0m
Next.js build worker exited with code: 1 
and signal: null
