
> glak-apart-next@0.1.0 build
> next build

Γû▓ Next.js 16.1.6 (Turbopack)

  Creating an optimized production build ...
node.exe : 
At line:1 char:1
+ & "C:\Program 
Files\nodejs/node.exe" "C:\Program 
Files\nodejs/node_mo ...
+ ~~~~~~~~~~~~~~~~~~~~~~~~~~~~~~~~~~~
~~~~~~~~~~~~~~~~~~~~~~~~~~~~~~~~~~
    + CategoryInfo          : NotSpe 
   cified: (:String) [], RemoteExce  
  ption
    + FullyQualifiedErrorId : Native 
   CommandError
 
> Build error occurred
Error: Turbopack build failed with 
10 errors:
./src/pages/Admin.tsx:3:10
Ecmascript file had an error
[0m [90m 1 |[39m [36mimport[39m 
[33mReact[39m[33m,[39m { 
useState } [36mfrom[39m 
[32m'react'[39m[33m;[39m
 [90m 2 |[39m [36mimport[39m { 
useAdmin } [36mfrom[39m [32m'@/con
text/AdminContext'[39m[33m;[39m
[31m[1m>[22m[39m[90m 3 |[39m 
[36mimport[39m { useRouter } 
[36mfrom[39m [32m'next/navigation'
[39m[33m;[39m
 [90m   |[39m          [31m[1m^[
22m[39m[31m[1m^[22m[39m[31m[1m
^[22m[39m[31m[1m^[22m[39m[31m
[1m^[22m[39m[31m[1m^[22m[39m[3
1m[1m^[22m[39m[31m[1m^[22m[39m
[31m[1m^[22m[39m
 [90m 4 |[39m [36mimport[39m { 
signInWithRedirect[33m,[39m 
getRedirectResult[33m,[39m [33mGoo
gleAuthProvider[39m[33m,[39m 
signOut } [36mfrom[39m 
[32m'firebase/auth'[39m[33m;[39m
 [90m 5 |[39m [36mimport[39m { 
auth } [36mfrom[39m [32m'@/service
s/firebase'[39m[33m;[39m
 [90m 6 |[39m [36mimport[39m { 
getContent[33m,[39m updateContent 
} [36mfrom[39m [32m'@/services/con
tent'[39m[33m;[39m[0m

You're importing a component that 
needs `useRouter`. This React Hook 
only works in a Client Component. To 
fix, mark the file (or its parent) 
with the `"use client"` directive.

 Learn more: https://nextjs.org/docs/
app/api-reference/directives/use-clie
nt



Import trace:
  Server Component:
    ./src/pages/Admin.tsx
    ./src/app/admin/page.tsx


./src/pages/Admin.tsx:1:17
Ecmascript file had an error
[0m[31m[1m>[22m[39m[90m 1 
|[39m [36mimport[39m 
[33mReact[39m[33m,[39m { 
useState } [36mfrom[39m 
[32m'react'[39m[33m;[39m
 [90m   |[39m                 [31m
[1m^[22m[39m[31m[1m^[22m[39m[
31m[1m^[22m[39m[31m[1m^[22m[39
m[31m[1m^[22m[39m[31m[1m^[22m
[39m[31m[1m^[22m[39m[31m[1m^[2
2m[39m
 [90m 2 |[39m [36mimport[39m { 
useAdmin } [36mfrom[39m [32m'@/con
text/AdminContext'[39m[33m;[39m
 [90m 3 |[39m [36mimport[39m { 
useRouter } [36mfrom[39m [32m'next
/navigation'[39m[33m;[39m
 [90m 4 |[39m [36mimport[39m { 
signInWithRedirect[33m,[39m 
getRedirectResult[33m,[39m [33mGoo
gleAuthProvider[39m[33m,[39m 
signOut } [36mfrom[39m [32m'fireba
se/auth'[39m[33m;[39m[0m

You're importing a component that 
needs `useState`. This React Hook 
only works in a Client Component. To 
fix, mark the file (or its parent) 
with the `"use client"` directive.

 Learn more: https://nextjs.org/docs/
app/api-reference/directives/use-clie
nt



Import trace:
  Server Component:
    ./src/pages/Admin.tsx
    ./src/app/admin/page.tsx


./src/pages/ApartmentDetail.tsx:2:17
Ecmascript file had an error
[0m [90m 1 |[39m
[31m[1m>[22m[39m[90m 2 |[39m 
[36mimport[39m 
[33mReact[39m[33m,[39m { 
useEffect[33m,[39m useState } 
[36mfrom[39m 
[32m'react'[39m[33m;[39m
 [90m   |[39m                 [31m
[1m^[22m[39m[31m[1m^[22m[39m[
31m[1m^[22m[39m[31m[1m^[22m[39
m[31m[1m^[22m[39m[31m[1m^[22m
[39m[31m[1m^[22m[39m[31m[1m^[2
2m[39m[31m[1m^[22m[39m
 [90m 3 |[39m [36mimport[39m { 
useParams[33m,[39m useNavigate } 
[36mfrom[39m [32m'react-router-dom
'[39m[33m;[39m
 [90m 4 |[39m [36mimport[39m { 
trackEvent } [36mfrom[39m [32m'@/s
ervices/analytics'[39m[33m;[39m
 [90m 5 |[39m [36mimport[39m { 
apartmentData[33m,[39m 
[33mApartmentKey[39m } 
[36mfrom[39m [32m'@/data/apartment
s'[39m[33m;[39m[0m

You're importing a component that 
needs `useEffect`. This React Hook 
only works in a Client Component. To 
fix, mark the file (or its parent) 
with the `"use client"` directive.

 Learn more: https://nextjs.org/docs/
app/api-reference/directives/use-clie
nt



Import trace:
  Server Component:
    ./src/pages/ApartmentDetail.tsx
    ./src/app/(public)/apartamentos/[
id]/page.tsx


./src/pages/ApartmentDetail.tsx:2:28
Ecmascript file had an error
[0m [90m 1 |[39m
[31m[1m>[22m[39m[90m 2 |[39m 
[36mimport[39m 
[33mReact[39m[33m,[39m { 
useEffect[33m,[39m useState } 
[36mfrom[39m 
[32m'react'[39m[33m;[39m
 [90m   |[39m                      
      [31m[1m^[22m[39m[31m[1m^
[22m[39m[31m[1m^[22m[39m[31m[1
m^[22m[39m[31m[1m^[22m[39m[31m
[1m^[22m[39m[31m[1m^[22m[39m[
31m[1m^[22m[39m
 [90m 3 |[39m [36mimport[39m { 
useParams[33m,[39m useNavigate } 
[36mfrom[39m [32m'react-router-dom
'[39m[33m;[39m
 [90m 4 |[39m [36mimport[39m { 
trackEvent } [36mfrom[39m [32m'@/s
ervices/analytics'[39m[33m;[39m
 [90m 5 |[39m [36mimport[39m { 
apartmentData[33m,[39m 
[33mApartmentKey[39m } 
[36mfrom[39m [32m'@/data/apartment
s'[39m[33m;[39m[0m

You're importing a component that 
needs `useState`. This React Hook 
only works in a Client Component. To 
fix, mark the file (or its parent) 
with the `"use client"` directive.

 Learn more: https://nextjs.org/docs/
app/api-reference/directives/use-clie
nt



Import trace:
  Server Component:
    ./src/pages/ApartmentDetail.tsx
    ./src/app/(public)/apartamentos/[
id]/page.tsx


./src/pages/EventsPage.tsx:1:27
Ecmascript file had an error
[0m[31m[1m>[22m[39m[90m 1 
|[39m [36mimport[39m 
[33mReact[39m[33m,[39m { 
useState[33m,[39m useEffect } 
[36mfrom[39m 
[32m'react'[39m[33m;[39m
 [90m   |[39m                      
     [31m[1m^[22m[39m[31m[1m^[
22m[39m[31m[1m^[22m[39m[31m[1m
^[22m[39m[31m[1m^[22m[39m[31m
[1m^[22m[39m[31m[1m^[22m[39m[3
1m[1m^[22m[39m[31m[1m^[22m[39m
 [90m 2 |[39m [36mimport[39m { 
getContent } [36mfrom[39m [32m'@/s
ervices/content'[39m[33m;[39m
 [90m 3 |[39m [36mimport[39m { 
[33mEvent[39m } [36mfrom[39m 
[32m'@/types'[39m[33m;[39m
 [90m 4 |[39m [36mimport[39m 
[33mEventsCalendar[39m 
[36mfrom[39m [32m'@/components/eve
nts/EventsCalendar'[39m[33m;[39m[
0m

You're importing a component that 
needs `useEffect`. This React Hook 
only works in a Client Component. To 
fix, mark the file (or its parent) 
with the `"use client"` directive.

 Learn more: https://nextjs.org/docs/
app/api-reference/directives/use-clie
nt



Import trace:
  Server Component:
    ./src/pages/EventsPage.tsx
    
./src/app/(public)/eventos/page.tsx


./src/pages/EventsPage.tsx:15:10
Ecmascript file had an error
[0m [90m 13 |[39m 
[36mimport[39m { 
[33mSeasonSpring[39m } 
[36mfrom[39m [32m'@/components/eve
nts/SeasonSpring'[39m[33m;[39m
 [90m 14 |[39m [36mimport[39m { 
motion[33m,[39m 
useAnimation[33m,[39m useInView } 
[36mfrom[39m 
[32m'framer-motion'[39m[33m;[39m
[31m[1m>[22m[39m[90m 15 |[39m 
[36mimport[39m { useRef } 
[36mfrom[39m 
[32m'react'[39m[33m;[39m
 [90m    |[39m          [31m[1m^
[22m[39m[31m[1m^[22m[39m[31m[1
m^[22m[39m[31m[1m^[22m[39m[31m
[1m^[22m[39m[31m[1m^[22m[39m
 [90m 16 |[39m [36mimport[39m 
[33mEditable[39m [36mfrom[39m [3
2m'@/components/ui/Editable'[39m[33
m;[39m
 [90m 17 |[39m
 [90m 18 |[39m [36mconst[39m 
[33mEventsPage[39m[33m:[39m [33m
React[39m[33m.[39m[33mFC[39m 
[33m=[39m () [33m=>[39m {[0m

You're importing a component that 
needs `useRef`. This React Hook only 
works in a Client Component. To fix, 
mark the file (or its parent) with 
the `"use client"` directive.

 Learn more: https://nextjs.org/docs/
app/api-reference/directives/use-clie
nt



Import trace:
  Server Component:
    ./src/pages/EventsPage.tsx
    
./src/app/(public)/eventos/page.tsx


./src/pages/EventsPage.tsx:9:10
Ecmascript file had an error
[0m [90m  7 |[39m 
[36mimport[39m { format[33m,[39m 
isSameDay } [36mfrom[39m 
[32m'date-fns'[39m[33m;[39m
 [90m  8 |[39m [36mimport[39m { 
es } [36mfrom[39m [32m'date-fns/lo
cale'[39m[33m;[39m
[31m[1m>[22m[39m[90m  9 |[39m 
[36mimport[39m { useRouter } 
[36mfrom[39m [32m'next/navigation'
[39m[33m;[39m
 [90m    |[39m          [31m[1m^
[22m[39m[31m[1m^[22m[39m[31m[1
m^[22m[39m[31m[1m^[22m[39m[31m
[1m^[22m[39m[31m[1m^[22m[39m[
31m[1m^[22m[39m[31m[1m^[22m[39
m[31m[1m^[22m[39m
 [90m 10 |[39m [36mimport[39m { 
[33mSeasonSummer[39m } 
[36mfrom[39m [32m'@/components/eve
nts/SeasonSummer'[39m[33m;[39m
 [90m 11 |[39m [36mimport[39m { 
[33mSeasonAutumn[39m } 
[36mfrom[39m [32m'@/components/eve
nts/SeasonAutumn'[39m[33m;[39m
 [90m 12 |[39m [36mimport[39m { 
[33mSeasonWinter[39m } 
[36mfrom[39m [32m'@/components/eve
nts/SeasonWinter'[39m[33m;[39m[0m

You're importing a component that 
needs `useRouter`. This React Hook 
only works in a Client Component. To 
fix, mark the file (or its parent) 
with the `"use client"` directive.

 Learn more: https://nextjs.org/docs/
app/api-reference/directives/use-clie
nt



Import trace:
  Server Component:
    ./src/pages/EventsPage.tsx
    
./src/app/(public)/eventos/page.tsx


./src/pages/EventsPage.tsx:1:17
Ecmascript file had an error
[0m[31m[1m>[22m[39m[90m 1 
|[39m [36mimport[39m 
[33mReact[39m[33m,[39m { 
useState[33m,[39m useEffect } 
[36mfrom[39m 
[32m'react'[39m[33m;[39m
 [90m   |[39m                 [31m
[1m^[22m[39m[31m[1m^[22m[39m[
31m[1m^[22m[39m[31m[1m^[22m[39
m[31m[1m^[22m[39m[31m[1m^[22m
[39m[31m[1m^[22m[39m[31m[1m^[2
2m[39m
 [90m 2 |[39m [36mimport[39m { 
getContent } [36mfrom[39m [32m'@/s
ervices/content'[39m[33m;[39m
 [90m 3 |[39m [36mimport[39m { 
[33mEvent[39m } [36mfrom[39m 
[32m'@/types'[39m[33m;[39m
 [90m 4 |[39m [36mimport[39m 
[33mEventsCalendar[39m 
[36mfrom[39m [32m'@/components/eve
nts/EventsCalendar'[39m[33m;[39m[
0m

You're importing a component that 
needs `useState`. This React Hook 
only works in a Client Component. To 
fix, mark the file (or its parent) 
with the `"use client"` directive.

 Learn more: https://nextjs.org/docs/
app/api-reference/directives/use-clie
nt



Import trace:
  Server Component:
    ./src/pages/EventsPage.tsx
    
./src/app/(public)/eventos/page.tsx


./src/components/layout/Header.tsx:3:
1
Module not found: Can't resolve 
'react-router-dom'
[0m [90m 1 |[39m [32m'use 
client'[39m[33m;[39m
 [90m 2 |[39m [36mimport[39m 
[33mReact[39m[33m,[39m { 
useState[33m,[39m useEffect } 
[36mfrom[39m 
[32m'react'[39m[33m;[39m
[31m[1m>[22m[39m[90m 3 |[39m 
[36mimport[39m { 
[33mLink[39m[33m,[39m 
useLocation[33m,[39m useNavigate } 
[36mfrom[39m [32m'react-router-dom
'[39m[33m;[39m
 [90m   |[39m [31m[1m^[22m[39m
[31m[1m^[22m[39m[31m[1m^[22m[3
9m[31m[1m^[22m[39m[31m[1m^[22m
[39m[31m[1m^[22m[39m[31m[1m^[
22m[39m[31m[1m^[22m[39m[31m[1m
^[22m[39m[31m[1m^[22m[39m[31m
[1m^[22m[39m[31m[1m^[22m[39m[3
1m[1m^[22m[39m[31m[1m^[22m[39m
[31m[1m^[22m[39m[31m[1m^[22m[
39m[31m[1m^[22m[39m[31m[1m^[22
m[39m[31m[1m^[22m[39m[31m[1m^
[22m[39m[31m[1m^[22m[39m[31m[1
m^[22m[39m[31m[1m^[22m[39m[31m
[1m^[22m[39m[31m[1m^[22m[39m[
31m[1m^[22m[39m[31m[1m^[22m[39
m[31m[1m^[22m[39m[31m[1m^[22m
[39m[31m[1m^[22m[39m[31m[1m^[2
2m[39m[31m[1m^[22m[39m[31m[1m^
[22m[39m[31m[1m^[22m[39m[31m[
1m^[22m[39m[31m[1m^[22m[39m[31
m[1m^[22m[39m[31m[1m^[22m[39m
[31m[1m^[22m[39m[31m[1m^[22m[3
9m[31m[1m^[22m[39m[31m[1m^[22m
[39m[31m[1m^[22m[39m[31m[1m^[
22m[39m[31m[1m^[22m[39m[31m[1m
^[22m[39m[31m[1m^[22m[39m[31m
[1m^[22m[39m[31m[1m^[22m[39m[3
1m[1m^[22m[39m[31m[1m^[22m[39m
[31m[1m^[22m[39m[31m[1m^[22m[
39m[31m[1m^[22m[39m[31m[1m^[22
m[39m[31m[1m^[22m[39m[31m[1m^
[22m[39m[31m[1m^[22m[39m[31m[1
m^[22m[39m[31m[1m^[22m[39m[31m
[1m^[22m[39m[31m[1m^[22m[39m[
31m[1m^[22m[39m[31m[1m^[22m[39
m[31m[1m^[22m[39m[31m[1m^[22m
[39m
 [90m 4 |[39m [36mimport[39m { 
motion } [36mfrom[39m 
[32m'framer-motion'[39m[33m;[39m
 [90m 5 |[39m [36mimport[39m { 
[33mLogo[39m } [36mfrom[39m 
[32m'./Logo'[39m[33m;[39m
 [90m 6 |[39m [36mimport[39m 
[33mEditable[39m [36mfrom[39m [3
2m'../ui/Editable'[39m[33m;[39m[0
m



Import traces:
  Client Component Browser:
    
./src/components/layout/Header.tsx 
[Client Component Browser]
    ./src/app/(public)/layout.tsx 
[Client Component Browser]
    ./src/app/(public)/layout.tsx 
[Server Component]

  Client Component SSR:
    
./src/components/layout/Header.tsx 
[Client Component SSR]
    ./src/app/(public)/layout.tsx 
[Client Component SSR]
    ./src/app/(public)/layout.tsx 
[Server Component]

https://nextjs.org/docs/messages/modu
le-not-found


./src/pages/ApartmentDetail.tsx:3:1
Module not found: Can't resolve 
'react-router-dom'
[0m [90m 1 |[39m
 [90m 2 |[39m [36mimport[39m 
[33mReact[39m[33m,[39m { 
useEffect[33m,[39m useState } 
[36mfrom[39m 
[32m'react'[39m[33m;[39m
[31m[1m>[22m[39m[90m 3 |[39m 
[36mimport[39m { 
useParams[33m,[39m useNavigate } 
[36mfrom[39m [32m'react-router-dom
'[39m[33m;[39m
 [90m   |[39m [31m[1m^[22m[39m
[31m[1m^[22m[39m[31m[1m^[22m[3
9m[31m[1m^[22m[39m[31m[1m^[22m
[39m[31m[1m^[22m[39m[31m[1m^[
22m[39m[31m[1m^[22m[39m[31m[1m
^[22m[39m[31m[1m^[22m[39m[31m
[1m^[22m[39m[31m[1m^[22m[39m[3
1m[1m^[22m[39m[31m[1m^[22m[39m
[31m[1m^[22m[39m[31m[1m^[22m[
39m[31m[1m^[22m[39m[31m[1m^[22
m[39m[31m[1m^[22m[39m[31m[1m^
[22m[39m[31m[1m^[22m[39m[31m[1
m^[22m[39m[31m[1m^[22m[39m[31m
[1m^[22m[39m[31m[1m^[22m[39m[
31m[1m^[22m[39m[31m[1m^[22m[39
m[31m[1m^[22m[39m[31m[1m^[22m
[39m[31m[1m^[22m[39m[31m[1m^[2
2m[39m[31m[1m^[22m[39m[31m[1m^
[22m[39m[31m[1m^[22m[39m[31m[
1m^[22m[39m[31m[1m^[22m[39m[31
m[1m^[22m[39m[31m[1m^[22m[39m
[31m[1m^[22m[39m[31m[1m^[22m[3
9m[31m[1m^[22m[39m[31m[1m^[22m
[39m[31m[1m^[22m[39m[31m[1m^[
22m[39m[31m[1m^[22m[39m[31m[1m
^[22m[39m[31m[1m^[22m[39m[31m
[1m^[22m[39m[31m[1m^[22m[39m[3
1m[1m^[22m[39m[31m[1m^[22m[39m
[31m[1m^[22m[39m[31m[1m^[22m[
39m[31m[1m^[22m[39m[31m[1m^[22
m[39m[31m[1m^[22m[39m[31m[1m^
[22m[39m[31m[1m^[22m[39m
 [90m 4 |[39m [36mimport[39m { 
trackEvent } [36mfrom[39m [32m'@/s
ervices/analytics'[39m[33m;[39m
 [90m 5 |[39m [36mimport[39m { 
apartmentData[33m,[39m 
[33mApartmentKey[39m } 
[36mfrom[39m [32m'@/data/apartment
s'[39m[33m;[39m
 [90m 6 |[39m [36mimport[39m { 
getContent } [36mfrom[39m [32m'@/s
ervices/content'[39m[33m;[39m[0m



Import trace:
  Server Component:
    ./src/pages/ApartmentDetail.tsx
    ./src/app/(public)/apartamentos/[
id]/page.tsx

https://nextjs.org/docs/messages/modu
le-not-found


    at <unknown> 
(./src/pages/Admin.tsx:3:10)
    at <unknown> 
(./src/pages/Admin.tsx:1:17)
    at <unknown> (./src/pages/Apartme
ntDetail.tsx:2:17)
    at <unknown> (./src/pages/Apartme
ntDetail.tsx:2:28)
    at <unknown> 
(./src/pages/EventsPage.tsx:1:27)
    at <unknown> 
(./src/pages/EventsPage.tsx:15:10)
    at <unknown> 
(./src/pages/EventsPage.tsx:9:10)
    at <unknown> 
(./src/pages/EventsPage.tsx:1:17)
    at <unknown> (./src/components/la
yout/Header.tsx:3:1)
    at <unknown> (https://nextjs.org/
docs/messages/module-not-found)
    at <unknown> 
(./src/pages/ApartmentDetail.tsx:3:1)
    at <unknown> (https://nextjs.org/
docs/messages/module-not-found)
